$ git remote -v
origin  ssh://git@github.com:HarishPampana/cicddemo.git (fetch)
origin  ssh://git@github.com:HarishPampana/cicddemo.git (push)

Harish.Pampana@UCFS-TEMP-001 ~/cicddemo
$ git remote remove origin

Harish.Pampana@UCFS-TEMP-001 ~/cicddemo
$ git remote -v

Harish.Pampana@UCFS-TEMP-001 ~/cicddemo
$
Harish.Pampana@UCFS-TEMP-001 ~/cicddemo
$ git remote add origin https://github.com/HarishPampana/cicddemo.git

Harish.Pampana@UCFS-TEMP-001 ~/cicddemo
$ git remote -v
origin  https://github.com/HarishPampana/cicddemo.git (fetch)
origin  https://github.com/HarishPampana/cicddemo.git (push)

Harish.Pampana@UCFS-TEMP-001 ~/cicddemo
$
Harish.Pampana@UCFS-TEMP-001 ~/cicddemo
$ cat ./.git/config
[core]
        repositoryformatversion = 0
        filemode = false
        bare = false
        logallrefupdates = true
        symlinks = false
        ignorecase = true
[remote "origin"]
        url = https://github.com/HarishPampana/cicddemo.git
        fetch = +refs/heads/*:refs/remotes/origin/*

Harish.Pampana@UCFS-TEMP-001 ~/cicddemo
Harish.Pampana@UCFS-TEMP-001 ~/cicddemo
$ git status
On branch master
Changes to be committed:
  (use "git restore --staged <file>..." to unstage)
        new file:   git_commands.txt
        deleted:    test.txt


Harish.Pampana@UCFS-TEMP-001 ~/cicddemo
$ git commit -m "2nd commit"
[master b63b459] 2nd commit
 Committer: Harish Pampana <Harish.Pampana@procco.com>
Your name and email address were configured automatically based
on your username and hostname. Please check that they are accurate.
You can suppress this message by setting them explicitly. Run the
following command and follow the instructions in your editor to edit
your configuration file:

    git config --global --edit

After doing this, you may fix the identity used for this commit with:

    git commit --amend --reset-author

 2 files changed, 37 insertions(+)
 create mode 100644 git_commands.txt
 delete mode 100644 test.txt

Harish.Pampana@UCFS-TEMP-001 ~/cicddemo
$ git push origin
fatal: The current branch master has no upstream branch.
To push the current branch and set the remote as upstream, use

    git push --set-upstream origin master

To have this happen automatically for branches without a tracking
upstream, see 'push.autoSetupRemote' in 'git help config'.


Harish.Pampana@UCFS-TEMP-001 ~/cicddemo
$ git push --set-upstream origin master
info: please complete authentication in your browser...
Enumerating objects: 6, done.
Counting objects: 100% (6/6), done.
Delta compression using up to 8 threads
Compressing objects: 100% (3/3), done.
Writing objects: 100% (6/6), 729 bytes | 364.00 KiB/s, done.
Total 6 (delta 0), reused 0 (delta 0), pack-reused 0
remote:
remote: Create a pull request for 'master' on GitHub by visiting:
remote:      https://github.com/HarishPampana/cicddemo/pull/new/master
remote:
To https://github.com/HarishPampana/cicddemo.git
 * [new branch]      master -> master
branch 'master' set up to track 'origin/master'.

Harish.Pampana@UCFS-TEMP-001 ~/cicddemo
Harish.Pampana@UCFS-TEMP-001 ~/cicddemo
$ git branch
  main
* master

Harish.Pampana@UCFS-TEMP-001 ~/cicddemo
$ git checkout main
Switched to branch 'main'
M       git_commands.txt

Harish.Pampana@UCFS-TEMP-001 ~/cicddemo
$ git branch
* main
  master

Harish.Pampana@UCFS-TEMP-001 ~/cicddemo
$ git checkout -b harish
Switched to a new branch 'harish'

Harish.Pampana@UCFS-TEMP-001 ~/cicddemo
$ git branch
* harish
  main
  master

Harish.Pampana@UCFS-TEMP-001 ~/cicddemo
$ git checkout main
Switched to branch 'main'
M       git_commands.txt

Harish.Pampana@UCFS-TEMP-001 ~/cicddemo

Harish.Pampana@UCFS-TEMP-001 ~/cicddemo
$ git branch
  harish
  main
* master

Harish.Pampana@UCFS-TEMP-001 ~/cicddemo
$ git log
commit b46769574ecc4ad3d0d6a4552b97b53bcf0b610c (HEAD -> master, origin/master, harish)
Author: Harish Pampana <Harish.Pampana@procco.com>
Date:   Tue Jan 17 07:30:38 2023 +0000

    3rd commit

commit b63b4599c2b167fd1858de8e10423d6d8365d1fc
Author: Harish Pampana <Harish.Pampana@procco.com>
Date:   Tue Jan 17 07:25:46 2023 +0000

    2nd commit

commit 1b26f917b8f25144a5c0b2c13d7065bf39ef8e19
Author: Harish Pampana <Harish.Pampana@procco.com>
Date:   Tue Jan 17 07:15:02 2023 +0000

    1st commit

Harish.Pampana@UCFS-TEMP-001 ~/cicddemo
$ git checkout main
error: Your local changes to the following files would be overwritten by checkout:
        git_commands.txt
Please commit your changes or stash them before you switch branches.
Aborting

Harish.Pampana@UCFS-TEMP-001 ~/cicddemo
$ git branch
  harish
  main
* master

Harish.Pampana@UCFS-TEMP-001 ~/cicddemo
$ git add .

Harish.Pampana@UCFS-TEMP-001 ~/cicddemo
$ git commit "6th commit"
error: pathspec '6th commit' did not match any file(s) known to git

Harish.Pampana@UCFS-TEMP-001 ~/cicddemo
$ git log
commit b46769574ecc4ad3d0d6a4552b97b53bcf0b610c (HEAD -> master, origin/master, harish)
Author: Harish Pampana <Harish.Pampana@procco.com>
Date:   Tue Jan 17 07:30:38 2023 +0000

    3rd commit

commit b63b4599c2b167fd1858de8e10423d6d8365d1fc
Author: Harish Pampana <Harish.Pampana@procco.com>
Date:   Tue Jan 17 07:25:46 2023 +0000

    2nd commit

commit 1b26f917b8f25144a5c0b2c13d7065bf39ef8e19
Author: Harish Pampana <Harish.Pampana@procco.com>
Date:   Tue Jan 17 07:15:02 2023 +0000

    1st commit

Harish.Pampana@UCFS-TEMP-001 ~/cicddemo
$ git status
On branch master
Your branch is up to date with 'origin/master'.

Changes to be committed:
  (use "git restore --staged <file>..." to unstage)
        modified:   git_commands.txt


Harish.Pampana@UCFS-TEMP-001 ~/cicddemo
$ git push
Everything up-to-date

Harish.Pampana@UCFS-TEMP-001 ~/cicddemo
$

