$ git remote -v
origin  ssh://git@github.com:HarishPampana/cicddemo.git (fetch)
origin  ssh://git@github.com:HarishPampana/cicddemo.git (push)

Harish.Pampana@UCFS-TEMP-001 ~/cicddemo
$ git remote remove origin

Harish.Pampana@UCFS-TEMP-001 ~/cicddemo
$ git remote -v

Harish.Pampana@UCFS-TEMP-001 ~/cicddemo
$
Harish.Pampana@UCFS-TEMP-001 ~/cicddemo
$ git remote add origin https://github.com/HarishPampana/cicddemo.git

Harish.Pampana@UCFS-TEMP-001 ~/cicddemo
$ git remote -v
origin  https://github.com/HarishPampana/cicddemo.git (fetch)
origin  https://github.com/HarishPampana/cicddemo.git (push)

Harish.Pampana@UCFS-TEMP-001 ~/cicddemo
$
Harish.Pampana@UCFS-TEMP-001 ~/cicddemo
$ cat ./.git/config
[core]
        repositoryformatversion = 0
        filemode = false
        bare = false
        logallrefupdates = true
        symlinks = false
        ignorecase = true
[remote "origin"]
        url = https://github.com/HarishPampana/cicddemo.git
        fetch = +refs/heads/*:refs/remotes/origin/*

Harish.Pampana@UCFS-TEMP-001 ~/cicddemo
Harish.Pampana@UCFS-TEMP-001 ~/cicddemo
$ git status
On branch master
Changes to be committed:
  (use "git restore --staged <file>..." to unstage)
        new file:   git_commands.txt
        deleted:    test.txt


Harish.Pampana@UCFS-TEMP-001 ~/cicddemo
$ git commit -m "2nd commit"
[master b63b459] 2nd commit
 Committer: Harish Pampana <Harish.Pampana@procco.com>
Your name and email address were configured automatically based
on your username and hostname. Please check that they are accurate.
You can suppress this message by setting them explicitly. Run the
following command and follow the instructions in your editor to edit
your configuration file:

    git config --global --edit

After doing this, you may fix the identity used for this commit with:

    git commit --amend --reset-author

 2 files changed, 37 insertions(+)
 create mode 100644 git_commands.txt
 delete mode 100644 test.txt

Harish.Pampana@UCFS-TEMP-001 ~/cicddemo
$ git push origin
fatal: The current branch master has no upstream branch.
To push the current branch and set the remote as upstream, use

    git push --set-upstream origin master

To have this happen automatically for branches without a tracking
upstream, see 'push.autoSetupRemote' in 'git help config'.


Harish.Pampana@UCFS-TEMP-001 ~/cicddemo
$ git push --set-upstream origin master
info: please complete authentication in your browser...
Enumerating objects: 6, done.
Counting objects: 100% (6/6), done.
Delta compression using up to 8 threads
Compressing objects: 100% (3/3), done.
Writing objects: 100% (6/6), 729 bytes | 364.00 KiB/s, done.
Total 6 (delta 0), reused 0 (delta 0), pack-reused 0
remote:
remote: Create a pull request for 'master' on GitHub by visiting:
remote:      https://github.com/HarishPampana/cicddemo/pull/new/master
remote:
To https://github.com/HarishPampana/cicddemo.git
 * [new branch]      master -> master
branch 'master' set up to track 'origin/master'.

Harish.Pampana@UCFS-TEMP-001 ~/cicddemo
Harish.Pampana@UCFS-TEMP-001 ~/cicddemo
$ git add .
warning: in the working copy of 'git_commands.txt', LF will be replaced by CRLF the next time Git touches it

Harish.Pampana@UCFS-TEMP-001 ~/cicddemo
$ git commit -m "3rd commit"
[master b467695] 3rd commit
 Committer: Harish Pampana <Harish.Pampana@procco.com>
Your name and email address were configured automatically based
on your username and hostname. Please check that they are accurate.
You can suppress this message by setting them explicitly. Run the
following command and follow the instructions in your editor to edit
your configuration file:

    git config --global --edit

After doing this, you may fix the identity used for this commit with:

    git commit --amend --reset-author

 1 file changed, 58 insertions(+)

Harish.Pampana@UCFS-TEMP-001 ~/cicddemo
$ git push --set-upstream origin main
error: src refspec main does not match any
error: failed to push some refs to 'https://github.com/HarishPampana/cicddemo.git'

Harish.Pampana@UCFS-TEMP-001 ~/cicddemo
$ git push  origin master
Enumerating objects: 5, done.
Counting objects: 100% (5/5), done.
Delta compression using up to 8 threads
Compressing objects: 100% (2/2), done.
Writing objects: 100% (3/3), 1.32 KiB | 1.32 MiB/s, done.
Total 3 (delta 0), reused 0 (delta 0), pack-reused 0
To https://github.com/HarishPampana/cicddemo.git
   b63b459..b467695  master -> master

Harish.Pampana@UCFS-TEMP-001 ~/cicddemo
$

